2026-05-10 18:33:45,139 - customer_api - INFO - Initializing FastAPI application.
2026-05-10 13:02:08,973 - customer_api - INFO - Initializing FastAPI application.
2026-05-10 13:02:10,448 - customer_api - INFO - Initializing FastAPI application.
2026-05-10 13:02:12,053 - customer_api - INFO - Initializing FastAPI application.
2026-05-10 13:02:13,751 - customer_api - INFO - Initializing FastAPI application.
2026-05-10 13:02:15,895 - customer_api - INFO - Initializing FastAPI application.
2026-05-10 13:02:18,761 - customer_api - INFO - Initializing FastAPI application.
2026-05-10 13:02:23,207 - customer_api - INFO - Initializing FastAPI application.
2026-05-10 13:02:31,009 - customer_api - INFO - Initializing FastAPI application.
2026-05-10 13:02:45,210 - customer_api - INFO - Initializing FastAPI application.
2026-05-10 13:03:12,077 - customer_api - INFO - Initializing FastAPI application.
2026-05-10 13:04:04,554 - customer_api - INFO - Initializing FastAPI application.
2026-05-10 13:05:05,924 - customer_api - INFO - Initializing FastAPI application.
2026-05-10 13:06:07,182 - customer_api - INFO - Initializing FastAPI application.
2026-05-10 13:07:08,466 - customer_api - INFO - Initializing FastAPI application.
2026-05-10 13:08:09,741 - customer_api - INFO - Initializing FastAPI application.
2026-05-10 13:09:11,062 - customer_api - INFO - Initializing FastAPI application.
2026-05-10 13:10:12,394 - customer_api - INFO - Initializing FastAPI application.
2026-05-10 13:11:40,291 - customer_api - INFO - Initializing FastAPI application.
2026-05-10 13:11:41,856 - customer_api - INFO - Initializing FastAPI application.
2026-05-12 21:16:03,403 - customer_api - INFO - Initializing Async FastAPI application.
2026-05-12 21:16:04,205 - customer_api - INFO - Initializing Async FastAPI application.
2026-05-12 21:16:12,265 - customer_api - INFO - Received request on async root endpoint.
2026-05-12 21:16:28,503 - customer_api - INFO - Initializing database connection.
2026-05-12 21:16:28,504 - customer_api - INFO - GET /customers/count called
2026-05-12 21:16:28,504 - customer_api - INFO - Starting customers count query
2026-05-12 21:16:28,506 - customer_api - ERROR - Customers count failed: (psycopg2.OperationalError) connection to server at "localhost" (::1), port 5433 failed: Connection refused
	Is the server running on that host and accepting TCP/IP connections?
connection to server at "localhost" (127.0.0.1), port 5433 failed: Connection refused
	Is the server running on that host and accepting TCP/IP connections?

(Background on this error at: https://sqlalche.me/e/20/e3q8)
2026-05-12 21:16:28,506 - customer_api - INFO - GET /customers/count success
2026-05-12 21:16:28,507 - customer_api - INFO - Closing database connection.
2026-05-12 22:52:28,685 - customer_api - INFO - Initializing FastAPI application.
2026-05-12 17:10:15,669 - customer_api - INFO - Initializing FastAPI application.
2026-05-12 17:10:17,041 - customer_api - INFO - Initializing FastAPI application.
2026-05-12 17:10:20,861 - customer_api - INFO - Received request on root endpoint.
2026-05-12 17:37:31,495 - customer_api - INFO - Initializing FastAPI application.
2026-05-12 17:37:34,419 - customer_api - INFO - Root endpoint accessed.
2026-05-12 17:41:35,515 - customer_api - INFO - Root endpoint accessed.
2026-05-12 17:43:17,067 - customer_api - INFO - Initializing FastAPI application.
2026-06-14 14:32:36,257 - customer_api - INFO - Initializing FastAPI application.
2026-06-14 14:32:39,438 - customer_api - INFO - Initializing FastAPI application.
2026-06-14 14:32:43,023 - customer_api - INFO - Initializing FastAPI application.
2026-06-14 14:32:46,527 - customer_api - INFO - Initializing FastAPI application.
2026-06-14 14:32:50,099 - customer_api - INFO - Initializing FastAPI application.
2026-06-14 14:32:54,637 - customer_api - INFO - Initializing FastAPI application.
2026-06-14 14:32:57,300 - customer_api - INFO - Initializing FastAPI application.
2026-06-14 14:33:00,008 - customer_api - INFO - Initializing FastAPI application.
2026-06-14 14:33:03,120 - customer_api - INFO - Initializing FastAPI application.
2026-06-14 14:33:06,589 - customer_api - INFO - Initializing FastAPI application.
2026-06-14 14:33:10,277 - customer_api - INFO - Initializing FastAPI application.
2026-06-14 14:33:14,693 - customer_api - INFO - Initializing FastAPI application.
2026-06-14 14:33:20,626 - customer_api - INFO - Initializing FastAPI application.
2026-06-14 14:33:51,018 - customer_api - INFO - Initializing FastAPI application.
2026-06-14 14:33:56,618 - customer_api - INFO - Root endpoint accessed.
2026-06-14 14:33:59,746 - customer_api - INFO - Initializing database connection.
2026-06-14 14:33:59,747 - customer_api - INFO - Received request to get customers (skip=0, limit=10).
2026-06-14 14:33:59,747 - customer_api - INFO - Database query: fetch customers with skip=0, limit=10
2026-06-14 14:33:59,861 - customer_api - INFO - Closing database connection.
2026-06-14 14:34:03,714 - customer_api - INFO - Initializing database connection.
2026-06-14 14:34:03,715 - customer_api - INFO - Received request to get customers (skip=0, limit=10).
2026-06-14 14:34:03,715 - customer_api - INFO - Database query: fetch customers with skip=0, limit=10
2026-06-14 14:34:03,718 - customer_api - INFO - Closing database connection.
2026-06-14 14:34:12,187 - customer_api - INFO - Initializing database connection.
2026-06-14 14:34:12,188 - customer_api - INFO - GET /customers/count called
2026-06-14 14:34:12,188 - customer_api - INFO - Starting customers count query
2026-06-14 14:34:12,192 - customer_api - ERROR - Customers count failed: object ChunkedIteratorResult can't be used in 'await' expression
2026-06-14 14:34:12,192 - customer_api - INFO - GET /customers/count success
2026-06-14 14:34:12,193 - customer_api - INFO - Closing database connection.
2026-06-14 14:34:12,207 - customer_api - INFO - Initializing database connection.
2026-06-14 14:34:12,208 - customer_api - INFO - Received request to create a new customer.
2026-06-14 14:34:12,208 - customer_api - INFO - Database operation: Create customer
2026-06-14 14:34:12,233 - customer_api - INFO - Closing database connection.
2026-06-14 14:35:02,550 - customer_api - INFO - Initializing FastAPI application.
2026-06-14 14:35:08,377 - customer_api - INFO - Root endpoint accessed.
2026-06-14 14:35:08,391 - customer_api - INFO - Initializing database connection.
2026-06-14 14:35:08,392 - customer_api - INFO - Received request to get customers (skip=0, limit=10).
2026-06-14 14:35:08,392 - customer_api - INFO - Database query: fetch customers with skip=0, limit=10
2026-06-14 14:35:08,493 - customer_api - INFO - Closing database connection.
2026-06-14 14:35:12,231 - customer_api - INFO - Initializing database connection.
2026-06-14 14:35:12,232 - customer_api - INFO - Received request to create a new customer.
2026-06-14 14:35:12,232 - customer_api - INFO - Database operation: Create customer
2026-06-14 14:35:12,260 - customer_api - INFO - Closing database connection.
2026-06-14 14:35:12,277 - customer_api - INFO - Initializing database connection.
2026-06-14 14:35:12,277 - customer_api - INFO - GET /customers/count called
2026-06-14 14:35:12,278 - customer_api - INFO - Starting customers count query
2026-06-14 14:35:12,282 - customer_api - ERROR - Customers count failed: object ChunkedIteratorResult can't be used in 'await' expression
2026-06-14 14:35:12,283 - customer_api - INFO - GET /customers/count success
2026-06-14 14:35:12,284 - customer_api - INFO - Closing database connection.
2026-06-14 14:35:17,588 - customer_api - INFO - Initializing database connection.
2026-06-14 14:35:17,589 - customer_api - INFO - Received request to get customer ID 1.
2026-06-14 14:35:17,589 - customer_api - INFO - Database query: fetch customer ID 1
2026-06-14 14:35:17,603 - customer_api - INFO - Closing database connection.
2026-06-14 14:36:57,304 - customer_api - INFO - Initializing FastAPI application.
2026-06-14 14:37:03,061 - customer_api - INFO - Initializing database connection.
2026-06-14 14:37:03,062 - customer_api - INFO - Received request to get customers (skip=0, limit=10).
2026-06-14 14:37:03,062 - customer_api - INFO - Database query: fetch customers with skip=0, limit=10
2026-06-14 14:37:03,134 - customer_api - INFO - Closing database connection.
2026-06-14 21:49:48,666 - customer_api - INFO - Initializing FastAPI application.
